Assuming unrestricted shared filesystem usage.
host: hpc-cpu-201
Building DAG of jobs...
Using shell: /usr/bin/bash
Provided cores: 8
Rules claiming more threads will be scaled down.
Job stats:
job                           count
--------------------------  -------
all                               1
call_bayesian                     1
fit_error_model                   1
make_negative_control_data        1
make_tumor_data                   1
total                             5

Select jobs to execute...
Failed to solve scheduling problem with ILP solver, falling back to greedy scheduler. You likely have to fix your ILP solver installation. Error message: PULP_CBC_CMD: Not Available (check permissions on cbc)
Execute 2 jobs...
[Tue Oct  6 12:24:37 2026]
localrule make_negative_control_data:
    input: /data/cephfs-1/scratch/projects/relevance-based-variant-detection-liu/EpsilonReg_software/negative_control_bamlist_good.txt
    output: .snakemake_markers/make_negative_control_data.out, negative_control_data/negative_control_data.txt
    jobid: 2
    reason: Missing output files: negative_control_data/negative_control_data.txt, .snakemake_markers/make_negative_control_data.out
    resources: tmpdir=/data/cephfs-1/home/users/jali13_c/scratch/tmp, mem_mb=32000, mem_mib=30518
[Tue Oct  6 12:24:37 2026]
localrule make_tumor_data:
    input: /data/cephfs-1/scratch/projects/relevance-based-variant-detection-liu/EpsilonReg_software/tumor_calling_bamlist.txt
    output: .snakemake_markers/make_tumor_data.out, tumor_data/tumor_data.txt
    jobid: 4
    reason: Missing output files: .snakemake_markers/make_tumor_data.out, tumor_data/tumor_data.txt
    resources: tmpdir=/data/cephfs-1/home/users/jali13_c/scratch/tmp, mem_mb=32000, mem_mib=30518
RuleException:
CalledProcessError in file "/data/cephfs-1/scratch/projects/relevance-based-variant-detection-liu/EpsilonReg_software/project/Epsilon.smk", line 48:
Command 'set -euo pipefail;  
        scripts/Epsilon_MakeData.sh             --bamlist /data/cephfs-1/scratch/projects/relevance-based-variant-detection-liu/EpsilonReg_software/negative_control_bamlist_good.txt             --loci_list /data/cephfs-1/scratch/projects/relevance-based-variant-detection-liu/EpsilonReg_software/loci_list.medium.csv             --reference_genome /data/cephfs-1/home/users/jali13_c/work/hs37d5_genome/hs37d5.fa             --alt_mode generic             --nranks 8             --output_prefix negative_control_data

        touch .snakemake_markers/make_negative_control_data.out' returned non-zero exit status 255.
RuleException:
CalledProcessError in file "/data/cephfs-1/scratch/projects/relevance-based-variant-detection-liu/EpsilonReg_software/project/Epsilon.smk", line 101:
Command 'set -euo pipefail;  
        scripts/Epsilon_MakeData_call.sh             --bamlist /data/cephfs-1/scratch/projects/relevance-based-variant-detection-liu/EpsilonReg_software/tumor_calling_bamlist.txt             --loci_list /data/cephfs-1/scratch/projects/relevance-based-variant-detection-liu/EpsilonReg_software/loci_list.small.csv             --reference_genome /data/cephfs-1/home/users/jali13_c/work/hs37d5_genome/hs37d5.fa             --alt_mode generic             --nranks 8             --output_prefix tumor_data

        touch .snakemake_markers/make_tumor_data.out' returned non-zero exit status 255.
[Tue Oct  6 12:24:49 2026]
Error in rule make_negative_control_data:
    message: None
    jobid: 2
    input: /data/cephfs-1/scratch/projects/relevance-based-variant-detection-liu/EpsilonReg_software/negative_control_bamlist_good.txt
    output: .snakemake_markers/make_negative_control_data.out, negative_control_data/negative_control_data.txt
    shell:
        
        scripts/Epsilon_MakeData.sh             --bamlist /data/cephfs-1/scratch/projects/relevance-based-variant-detection-liu/EpsilonReg_software/negative_control_bamlist_good.txt             --loci_list /data/cephfs-1/scratch/projects/relevance-based-variant-detection-liu/EpsilonReg_software/loci_list.medium.csv             --reference_genome /data/cephfs-1/home/users/jali13_c/work/hs37d5_genome/hs37d5.fa             --alt_mode generic             --nranks 8             --output_prefix negative_control_data

        touch .snakemake_markers/make_negative_control_data.out
        
        (command exited with non-zero exit code)
[Tue Oct  6 12:24:49 2026]
Error in rule make_tumor_data:
    message: None
    jobid: 4
    input: /data/cephfs-1/scratch/projects/relevance-based-variant-detection-liu/EpsilonReg_software/tumor_calling_bamlist.txt
    output: .snakemake_markers/make_tumor_data.out, tumor_data/tumor_data.txt
    shell:
        
        scripts/Epsilon_MakeData_call.sh             --bamlist /data/cephfs-1/scratch/projects/relevance-based-variant-detection-liu/EpsilonReg_software/tumor_calling_bamlist.txt             --loci_list /data/cephfs-1/scratch/projects/relevance-based-variant-detection-liu/EpsilonReg_software/loci_list.small.csv             --reference_genome /data/cephfs-1/home/users/jali13_c/work/hs37d5_genome/hs37d5.fa             --alt_mode generic             --nranks 8             --output_prefix tumor_data

        touch .snakemake_markers/make_tumor_data.out
        
        (command exited with non-zero exit code)
Shutting down, this might take some time.
Exiting because a job execution failed. Look below for error messages
[Tue Oct  6 12:24:49 2026]
Error in rule make_negative_control_data:
    message: None
    jobid: 2
    input: /data/cephfs-1/scratch/projects/relevance-based-variant-detection-liu/EpsilonReg_software/negative_control_bamlist_good.txt
    output: .snakemake_markers/make_negative_control_data.out, negative_control_data/negative_control_data.txt
    shell:
        
        scripts/Epsilon_MakeData.sh             --bamlist /data/cephfs-1/scratch/projects/relevance-based-variant-detection-liu/EpsilonReg_software/negative_control_bamlist_good.txt             --loci_list /data/cephfs-1/scratch/projects/relevance-based-variant-detection-liu/EpsilonReg_software/loci_list.medium.csv             --reference_genome /data/cephfs-1/home/users/jali13_c/work/hs37d5_genome/hs37d5.fa             --alt_mode generic             --nranks 8             --output_prefix negative_control_data

        touch .snakemake_markers/make_negative_control_data.out
        
        (command exited with non-zero exit code)
[Tue Oct  6 12:24:49 2026]
Error in rule make_tumor_data:
    message: None
    jobid: 4
    input: /data/cephfs-1/scratch/projects/relevance-based-variant-detection-liu/EpsilonReg_software/tumor_calling_bamlist.txt
    output: .snakemake_markers/make_tumor_data.out, tumor_data/tumor_data.txt
    shell:
        
        scripts/Epsilon_MakeData_call.sh             --bamlist /data/cephfs-1/scratch/projects/relevance-based-variant-detection-liu/EpsilonReg_software/tumor_calling_bamlist.txt             --loci_list /data/cephfs-1/scratch/projects/relevance-based-variant-detection-liu/EpsilonReg_software/loci_list.small.csv             --reference_genome /data/cephfs-1/home/users/jali13_c/work/hs37d5_genome/hs37d5.fa             --alt_mode generic             --nranks 8             --output_prefix tumor_data

        touch .snakemake_markers/make_tumor_data.out
        
        (command exited with non-zero exit code)
Complete log(s): /data/cephfs-1/scratch/projects/relevance-based-variant-detection-liu/EpsilonReg_software/project/.snakemake/log/2026-10-06T122436.687881.snakemake.log
WorkflowError:
At least one job did not complete successfully.
