Assuming unrestricted shared filesystem usage.
host: hpc-cpu-40
Building DAG of jobs...
Using shell: /usr/bin/bash
Provided cores: 1 (use --cores to define parallelism)
Rules claiming more threads will be scaled down.
Job stats:
job                             count
----------------------------  -------
all                                 1
call_binomial                       1
call_binomial_matched_normal        1
fit_error_model                     1
make_matched_normal_data            1
make_negative_control_data          1
make_tumor_data                     1
remove_germlines                    1
total                               8

Select jobs to execute...
Failed to solve scheduling problem with ILP solver, falling back to greedy scheduler. You likely have to fix your ILP solver installation. Error message: PULP_CBC_CMD: Not Available (check permissions on cbc)
Execute 1 jobs...
[Fri Oct  9 13:29:29 2026]
localrule make_negative_control_data:
    input: /data/cephfs-1/scratch/projects/relevance-based-variant-detection-liu/EpsilonReg_software/example_data/genomics/negative_control_bamlist.txt
    output: .snakemake_markers/make_negative_control_data.out, negative_control_data/negative_control_data.txt
    jobid: 5
    reason: Missing output files: .snakemake_markers/make_negative_control_data.out, negative_control_data/negative_control_data.txt
    resources: tmpdir=/data/cephfs-1/home/users/jali13_c/scratch/tmp, mem_mb=32000, mem_mib=30518
Select jobs to execute...
[Fri Oct  9 13:29:57 2026]
Finished jobid: 5 (Rule: make_negative_control_data)
1 of 8 steps (12%) done
Execute 1 jobs...
[Fri Oct  9 13:29:57 2026]
localrule fit_error_model:
    input: .snakemake_markers/make_negative_control_data.out, negative_control_data/negative_control_data.txt
    output: .snakemake_markers/fit_error_model.out
    jobid: 4
    reason: Missing output files: .snakemake_markers/fit_error_model.out; Input files updated by another job: .snakemake_markers/make_negative_control_data.out, negative_control_data/negative_control_data.txt
    resources: tmpdir=/data/cephfs-1/home/users/jali13_c/scratch/tmp, mem_mb=32000, mem_mib=30518
Select jobs to execute...
[Fri Oct  9 13:30:03 2026]
Finished jobid: 4 (Rule: fit_error_model)
2 of 8 steps (25%) done
Execute 1 jobs...
[Fri Oct  9 13:30:03 2026]
localrule make_matched_normal_data:
    input: /data/cephfs-1/scratch/projects/relevance-based-variant-detection-liu/EpsilonReg_software/example_data/genomics/matched_normal_path.txt
    output: .snakemake_markers/make_matched_normal_data.out, tumor_data/matched_normal_data.txt
    jobid: 7
    reason: Missing output files: .snakemake_markers/make_matched_normal_data.out
    resources: tmpdir=/data/cephfs-1/home/users/jali13_c/scratch/tmp, mem_mb=32000, mem_mib=30518
Select jobs to execute...
[Fri Oct  9 13:30:05 2026]
Finished jobid: 7 (Rule: make_matched_normal_data)
3 of 8 steps (38%) done
Execute 1 jobs...
[Fri Oct  9 13:30:05 2026]
localrule make_tumor_data:
    input: /data/cephfs-1/scratch/projects/relevance-based-variant-detection-liu/EpsilonReg_software/example_data/genomics/tumor_path.txt
    output: .snakemake_markers/make_tumor_data.out, tumor_data/tumor_data.txt
    jobid: 3
    reason: Missing output files: .snakemake_markers/make_tumor_data.out
    resources: tmpdir=/data/cephfs-1/home/users/jali13_c/scratch/tmp, mem_mb=32000, mem_mib=30518
Select jobs to execute...
[Fri Oct  9 13:30:06 2026]
Finished jobid: 3 (Rule: make_tumor_data)
4 of 8 steps (50%) done
Execute 1 jobs...
[Fri Oct  9 13:30:06 2026]
localrule call_binomial_matched_normal:
    input: .snakemake_markers/make_matched_normal_data.out, .snakemake_markers/fit_error_model.out
    output: unfiltered_variant_calls/matched_normal_output.vcf
    jobid: 6
    reason: Missing output files: unfiltered_variant_calls/matched_normal_output.vcf; Input files updated by another job: .snakemake_markers/fit_error_model.out, .snakemake_markers/make_matched_normal_data.out
    resources: tmpdir=/data/cephfs-1/home/users/jali13_c/scratch/tmp, mem_mb=32000, mem_mib=30518
Select jobs to execute...
[Fri Oct  9 13:30:09 2026]
Finished jobid: 6 (Rule: call_binomial_matched_normal)
5 of 8 steps (62%) done
Execute 1 jobs...
[Fri Oct  9 13:30:09 2026]
localrule call_binomial:
    input: .snakemake_markers/make_tumor_data.out, .snakemake_markers/fit_error_model.out
    output: unfiltered_variant_calls/output.vcf
    jobid: 2
    reason: Missing output files: unfiltered_variant_calls/output.vcf; Input files updated by another job: .snakemake_markers/make_tumor_data.out, .snakemake_markers/fit_error_model.out
    resources: tmpdir=/data/cephfs-1/home/users/jali13_c/scratch/tmp, mem_mb=32000, mem_mib=30518
[Fri Oct  9 13:30:13 2026]
Finished jobid: 2 (Rule: call_binomial)
6 of 8 steps (75%) done
Select jobs to execute...
Execute 1 jobs...
[Fri Oct  9 13:30:13 2026]
localrule remove_germlines:
    input: unfiltered_variant_calls/output.vcf, unfiltered_variant_calls/matched_normal_output.vcf
    output: filtered_variant_calls/output.vcf
    jobid: 1
    reason: Missing output files: filtered_variant_calls/output.vcf; Input files updated by another job: unfiltered_variant_calls/matched_normal_output.vcf, unfiltered_variant_calls/output.vcf
    resources: tmpdir=/data/cephfs-1/home/users/jali13_c/scratch/tmp, mem_mb=32000, mem_mib=30518
[Fri Oct  9 13:30:14 2026]
Finished jobid: 1 (Rule: remove_germlines)
7 of 8 steps (88%) done
Select jobs to execute...
Execute 1 jobs...
[Fri Oct  9 13:30:14 2026]
localrule all:
    input: filtered_variant_calls/output.vcf
    jobid: 0
    reason: Input files updated by another job: filtered_variant_calls/output.vcf
    resources: tmpdir=/data/cephfs-1/home/users/jali13_c/scratch/tmp
[Fri Oct  9 13:30:14 2026]
Finished jobid: 0 (Rule: all)
8 of 8 steps (100%) done
Complete log(s): /data/cephfs-1/scratch/projects/relevance-based-variant-detection-liu/EpsilonReg_software/example_data/genomics/.snakemake/log/2026-10-09T132928.874152.snakemake.log
